{
  "version": "1.5.0",
  "plugins_used": [
    {
      "name": "ArtifactoryDetector"
    },
    {
      "name": "AWSKeyDetector"
    },
    {
      "name": "AzureStorageKeyDetector"
    },
    {
      "name": "Base64HighEntropyString",
      "limit": 4.5
    },
    {
      "name": "BasicAuthDetector"
    },
    {
      "name": "CloudantDetector"
    },
    {
      "name": "DiscordBotTokenDetector"
    },
    {
      "name": "GitHubTokenDetector"
    },
    {
      "name": "HexHighEntropyString",
      "limit": 3.0
    },
    {
      "name": "IbmCloudIamDetector"
    },
    {
      "name": "IbmCosHmacDetector"
    },
    {
      "name": "JwtTokenDetector"
    },
    {
      "name": "KeywordDetector",
      "keyword_exclude": ""
    },
    {
      "name": "MailchimpDetector"
    },
    {
      "name": "NpmDetector"
    },
    {
      "name": "PrivateKeyDetector"
    },
    {
      "name": "SendGridDetector"
    },
    {
      "name": "SlackDetector"
    },
    {
      "name": "SoftlayerDetector"
    },
    {
      "name": "SquareOAuthDetector"
    },
    {
      "name": "StripeDetector"
    },
    {
      "name": "TwilioKeyDetector"
    }
  ],
  "filters_used": [
    {
      "path": "detect_secrets.filters.allowlist.is_line_allowlisted"
    },
    {
      "path": "detect_secrets.filters.common.is_baseline_file",
      "filename": ".secrets.baseline"
    },
    {
      "path": "detect_secrets.filters.common.is_ignored_due_to_verification_policies",
      "min_level": 2
    },
    {
      "path": "detect_secrets.filters.heuristic.is_indirect_reference"
    },
    {
      "path": "detect_secrets.filters.heuristic.is_likely_id_string"
    },
    {
      "path": "detect_secrets.filters.heuristic.is_lock_file"
    },
    {
      "path": "detect_secrets.filters.heuristic.is_not_alphanumeric_string"
    },
    {
      "path": "detect_secrets.filters.heuristic.is_potential_uuid"
    },
    {
      "path": "detect_secrets.filters.heuristic.is_prefixed_with_dollar_sign"
    },
    {
      "path": "detect_secrets.filters.heuristic.is_sequential_string"
    },
    {
      "path": "detect_secrets.filters.heuristic.is_swagger_file"
    },
    {
      "path": "detect_secrets.filters.heuristic.is_templated_secret"
    }
  ],
  "results": {
    ".claude/skills/ansible-core/references/collections.md": [
      {
        "type": "Hex High Entropy String",
        "filename": ".claude/skills/ansible-core/references/collections.md",
        "hashed_secret": "4113118a0fa0661d2cc4d78bcbbfd17c54bb9a58",
        "is_verified": false,
        "line_number": 38
      },
      {
        "type": "Hex High Entropy String",
        "filename": ".claude/skills/ansible-core/references/collections.md",
        "hashed_secret": "fbf7f3e90bf36db6b139920357585dfd666fc778",
        "is_verified": false,
        "line_number": 2500
      },
      {
        "type": "Hex High Entropy String",
        "filename": ".claude/skills/ansible-core/references/collections.md",
        "hashed_secret": "b4016e460859b729fa488e21756cacaceba03e6a",
        "is_verified": false,
        "line_number": 3653
      },
      {
        "type": "Hex High Entropy String",
        "filename": ".claude/skills/ansible-core/references/collections.md",
        "hashed_secret": "d54ac9955e12821c3ee9600bc9177604c4df5f4b",
        "is_verified": false,
        "line_number": 3667
      },
      {
        "type": "Hex High Entropy String",
        "filename": ".claude/skills/ansible-core/references/collections.md",
        "hashed_secret": "d443829666758c54b427324786e5a6adea176546",
        "is_verified": false,
        "line_number": 4728
      },
      {
        "type": "Secret Keyword",
        "filename": ".claude/skills/ansible-core/references/collections.md",
        "hashed_secret": "0beec7b5ea3f0fdbc95d0dd47f3c5bc275da8a33",
        "is_verified": false,
        "line_number": 5805
      },
      {
        "type": "Secret Keyword",
        "filename": ".claude/skills/ansible-core/references/collections.md",
        "hashed_secret": "5baa61e4c9b93f3f0682250b6cf8331b7ee68fd8",
        "is_verified": false,
        "line_number": 6520
      },
      {
        "type": "Hex High Entropy String",
        "filename": ".claude/skills/ansible-core/references/collections.md",
        "hashed_secret": "b7794fdc72f75b4a1675cbccf4e348f6605c61ea",
        "is_verified": false,
        "line_number": 7940
      },
      {
        "type": "Hex High Entropy String",
        "filename": ".claude/skills/ansible-core/references/collections.md",
        "hashed_secret": "a63ca84cc7efedf597b1e2626c81a890f7393720",
        "is_verified": false,
        "line_number": 7944
      },
      {
        "type": "Hex High Entropy String",
        "filename": ".claude/skills/ansible-core/references/collections.md",
        "hashed_secret": "bd4eb56b41fc3663dfe2761ff34621a544ecfe27",
        "is_verified": false,
        "line_number": 13133
      },
      {
        "type": "Secret Keyword",
        "filename": ".claude/skills/ansible-core/references/collections.md",
        "hashed_secret": "6b619c40c474b10bae58af7eff3581377282497e",
        "is_verified": false,
        "line_number": 14930
      },
      {
        "type": "Hex High Entropy String",
        "filename": ".claude/skills/ansible-core/references/collections.md",
        "hashed_secret": "2e203dd22e39e3a8930e7641fe074fec2b18b102",
        "is_verified": false,
        "line_number": 17199
      },
      {
        "type": "Hex High Entropy String",
        "filename": ".claude/skills/ansible-core/references/collections.md",
        "hashed_secret": "81d84525eb1499d518cf3cb3efcbe1d11c4ccf25",
        "is_verified": false,
        "line_number": 17201
      },
      {
        "type": "Hex High Entropy String",
        "filename": ".claude/skills/ansible-core/references/collections.md",
        "hashed_secret": "6c1fefb6d65814d8d948be010d0e0d04cf118c00",
        "is_verified": false,
        "line_number": 18328
      },
      {
        "type": "Hex High Entropy String",
        "filename": ".claude/skills/ansible-core/references/collections.md",
        "hashed_secret": "67a74306b06d0c01624fe0d0249a570f4d093747",
        "is_verified": false,
        "line_number": 18338
      },
      {
        "type": "Hex High Entropy String",
        "filename": ".claude/skills/ansible-core/references/collections.md",
        "hashed_secret": "098cc6be555186405394cbdefb2b1ab6c8027192",
        "is_verified": false,
        "line_number": 19306
      },
      {
        "type": "Hex High Entropy String",
        "filename": ".claude/skills/ansible-core/references/collections.md",
        "hashed_secret": "45ff66f2c742bcbacab1ec597fb1c90cc5ae903b",
        "is_verified": false,
        "line_number": 19306
      },
      {
        "type": "Hex High Entropy String",
        "filename": ".claude/skills/ansible-core/references/collections.md",
        "hashed_secret": "94cffa24c70342254cd2bebe3ad89421799516bd",
        "is_verified": false,
        "line_number": 19306
      },
      {
        "type": "Hex High Entropy String",
        "filename": ".claude/skills/ansible-core/references/collections.md",
        "hashed_secret": "9bab8eba54c01835cdc63e29cea7daa428087e14",
        "is_verified": false,
        "line_number": 19306
      },
      {
        "type": "Hex High Entropy String",
        "filename": ".claude/skills/ansible-core/references/collections.md",
        "hashed_secret": "a49c6bf66b2650ba4ed409b400a4a27ef3dae835",
        "is_verified": false,
        "line_number": 19318
      }
    ],
    ".claude/skills/ansible-core/references/inventory.md": [
      {
        "type": "Secret Keyword",
        "filename": ".claude/skills/ansible-core/references/inventory.md",
        "hashed_secret": "902cc09822e2cd0234cd1735e03101acad5530f2",
        "is_verified": false,
        "line_number": 1831
      }
    ],
    ".claude/skills/ansible-core/references/os_specific.md": [
      {
        "type": "Hex High Entropy String",
        "filename": ".claude/skills/ansible-core/references/os_specific.md",
        "hashed_secret": "36e259ed1ab00ac1f783ddf058c4bf518f66ae2a",
        "is_verified": false,
        "line_number": 439
      }
    ],
    "roles/packages/tasks/aur_user.yml": [
      {
        "type": "Secret Keyword",
        "filename": "roles/packages/tasks/aur_user.yml",
        "hashed_secret": "6b42874e3cd20771d93096ec5ce36307a1f2ba14",
        "is_verified": false,
        "line_number": 27
      }
    ],
    "roles/ssh/README.md": [
      {
        "type": "Private Key",
        "filename": "roles/ssh/README.md",
        "hashed_secret": "27c6929aef41ae2bcadac15ca6abcaff72cda9cd",
        "is_verified": false,
        "line_number": 34
      }
    ],
    "roles/ssh/vars/example_vault.yml": [
      {
        "type": "Private Key",
        "filename": "roles/ssh/vars/example_vault.yml",
        "hashed_secret": "27c6929aef41ae2bcadac15ca6abcaff72cda9cd",
        "is_verified": false,
        "line_number": 37
      }
    ]
  },
  "generated_at": "2025-12-18T21:36:29Z"
}
